// Jest Snapshot v1, https://goo.gl/fbAQLP

exports[`Component renders 1`] = `
ShallowWrapper {
  "length": 1,
  Symbol(enzyme.__root__): [Circular],
  Symbol(enzyme.__unrendered__): <AssetsHolder />,
  Symbol(enzyme.__renderer__): Object {
    "batchedUpdates": [Function],
    "getNode": [Function],
    "render": [Function],
    "simulateEvent": [Function],
    "unmount": [Function],
  },
  Symbol(enzyme.__node__): Object {
    "instance": null,
    "key": undefined,
    "nodeType": "function",
    "props": Object {
      "children": Array [
        <PreviewAsset
          classNameType="article"
          duration="0.11"
          id={11}
          name="10 Principles of Change Management"
          type="Article"
/>,
        <PreviewAsset
          classNameType="video"
          duration="0.06"
          id={12}
          name="Overview of change management phases"
          type="Video"
/>,
      ],
    },
    "ref": null,
    "rendered": Array [
      Object {
        "instance": null,
        "key": "11",
        "nodeType": "class",
        "props": Object {
          "classNameType": "article",
          "duration": "0.11",
          "id": 11,
          "name": "10 Principles of Change Management",
          "type": "Article",
        },
        "ref": null,
        "rendered": null,
        "type": [Function],
      },
      Object {
        "instance": null,
        "key": "12",
        "nodeType": "class",
        "props": Object {
          "classNameType": "video",
          "duration": "0.06",
          "id": 12,
          "name": "Overview of change management phases",
          "type": "Video",
        },
        "ref": null,
        "rendered": null,
        "type": [Function],
      },
    ],
    "type": Symbol(react.fragment),
  },
  Symbol(enzyme.__nodes__): Array [
    Object {
      "instance": null,
      "key": undefined,
      "nodeType": "function",
      "props": Object {
        "children": Array [
          <PreviewAsset
            classNameType="article"
            duration="0.11"
            id={11}
            name="10 Principles of Change Management"
            type="Article"
/>,
          <PreviewAsset
            classNameType="video"
            duration="0.06"
            id={12}
            name="Overview of change management phases"
            type="Video"
/>,
        ],
      },
      "ref": null,
      "rendered": Array [
        Object {
          "instance": null,
          "key": "11",
          "nodeType": "class",
          "props": Object {
            "classNameType": "article",
            "duration": "0.11",
            "id": 11,
            "name": "10 Principles of Change Management",
            "type": "Article",
          },
          "ref": null,
          "rendered": null,
          "type": [Function],
        },
        Object {
          "instance": null,
          "key": "12",
          "nodeType": "class",
          "props": Object {
            "classNameType": "video",
            "duration": "0.06",
            "id": 12,
            "name": "Overview of change management phases",
            "type": "Video",
          },
          "ref": null,
          "rendered": null,
          "type": [Function],
        },
      ],
      "type": Symbol(react.fragment),
    },
  ],
  Symbol(enzyme.__options__): Object {
    "adapter": ReactSixteenAdapter {
      "options": Object {
        "enableComponentDidUpdateOnSetState": true,
      },
    },
  },
}
`;
